// Jest Snapshot v1, https://goo.gl/fbAQLP

exports[`matches snapshot 1`] = `
<DocumentFragment>
  <div
    class="container col-md-6 offset-md-3 col-lg-4 offset-lg-4"
  >
    <div
      class="data-toggle=button"
    >
      <button
        class="btn btn-primary login active"
      >
        Login
      </button>
      <button
        class="btn btn-primary signup"
      >
        SignUp
      </button>
    </div>
    <div
      class="card"
    >
      <div
        class="card-body"
      >
        <form>
          <label
            class="mt-1"
            for="username"
          >
            Username 
          </label>
          <input
            class="form-control"
            id="username"
            name="username"
            placeholder="username"
            value=""
          />
          <div>
            <label
              class="mt-1"
              for="password"
            >
              Password 
            </label>
            <input
              class="form-control"
              id="password"
              name="password"
              placeholder="password"
              type="password"
              value=""
            />
          </div>
          <button
            class="btn btn-primary float-right mt-2"
          >
            Submit
          </button>
        </form>
        <div
          class="text-danger font-weight-bold text-center mt-3"
        />
      </div>
    </div>
  </div>
</DocumentFragment>
`;
